GIT:

1. git --version

$ git --version
git version 2.35.1.windows.2

git config --global user.email "Jameel@JS-Home.(none)"

2. git --help

Jameel@JS-Home MINGW64 ~
$ git help config

Jameel@JS-Home MINGW64 ~
$ git config --help

3. mkdir test
4. cd test

5. git init 
Initialize the directory test as git repo

Jameel@JS-Home MINGW64 ~/test (master)
$ pwd
/c/Users/Jameel/test

Jameel@JS-Home MINGW64 ~/test (master)
$ git status
On branch master

No commits yet

Untracked files:
  (use "git add <file>..." to include in what will be committed)
        git.txt

nothing added to commit but untracked files present (use "git add" to track)

Jameel@JS-Home MINGW64 ~/test (master)
$ git add git.txt

Jameel@JS-Home MINGW64 ~/test (master)
$ git status
On branch master

No commits yet

Changes to be committed:
  (use "git rm --cached <file>..." to unstage)
        new file:   git.txt
		
		
$ git commit -m "commit git.txt"
[master (root-commit) bb7c1cc] commit git.txt
 1 file changed, 21 insertions(+)
 create mode 100644 git.txt





